Hello from Evolver!